clean 0.9098365309217723
full_zero                  loss=0.0025 CI=0.0015,0.0036 hit=0.74 tpr_cons=1.0 tpr_any=1.0 fpr_any=0.12125
full_one_cell              loss=0.0016 CI=0.0005,0.0026 hit=0.685 tpr_cons=0.765 tpr_any=0.8399999999999999 fpr_any=0.12125
limited_x1.0               loss=0.0004 CI=-0.0003,0.0010 hit=0.31999999999999995 tpr_cons=0.6100000000000001 tpr_any=0.7450000000000001 fpr_any=0.12125
limited_x1.5               loss=0.0008 CI=-0.0002,0.0017 hit=0.41000000000000003 tpr_cons=0.625 tpr_any=0.7700000000000001 fpr_any=0.12125
limited_x3.0               loss=0.0007 CI=0.0001,0.0014 hit=0.45499999999999996 tpr_cons=0.6 tpr_any=0.755 fpr_any=0.12125
limited_localonly_x1.5     loss=0.0004 CI=-0.0001,0.0009 hit=0.16 tpr_cons=0.635 tpr_any=0.8149999999999998 fpr_any=0.12125
cons_pair                  loss=0.0015 CI=0.0006,0.0024 hit=0.755 tpr_cons=0.0 tpr_any=0.41000000000000003 fpr_any=0.12125
matched_noise              loss=-0.0000 CI=-0.0006,0.0005 hit=0.0 tpr_cons=0.695 tpr_any=0.8099999999999999 fpr_any=0.12125
matched_random_cell        loss=-0.0001 CI=-0.0009,0.0007 hit=0.0 tpr_cons=0.615 tpr_any=0.73 fpr_any=0.12125
gauss5                     loss=0.0003 CI=-0.0002,0.0008 hit=0.0 tpr_cons=1.0 tpr_any=1.0 fpr_any=0.12125
label_flip {'auc_mean': 0.8341665785373806, 'loss': 0.07566995238439159, 'ci': [-0.0795267623450075, 0.23086666711379067]}
rho=0.05|k=1     loss=-0.0000 CI=-0.0002,0.0001 hit=0.0
rho=0.05|k=2     loss=-0.0001 CI=-0.0004,0.0001 hit=0.0
rho=0.05|k=3     loss=0.0002 CI=-0.0002,0.0006 hit=0.0
rho=0.05|k=4     loss=0.0002 CI=-0.0002,0.0006 hit=0.025
rho=0.1|k=1      loss=0.0001 CI=-0.0002,0.0005 hit=0.04
rho=0.1|k=2      loss=0.0001 CI=-0.0004,0.0007 hit=0.034999999999999996
rho=0.1|k=3      loss=0.0002 CI=-0.0002,0.0007 hit=0.030000000000000006
rho=0.1|k=4      loss=0.0004 CI=-0.0001,0.0008 hit=0.06000000000000001
rho=0.25|k=1     loss=0.0005 CI=-0.0000,0.0009 hit=0.175
rho=0.25|k=2     loss=0.0003 CI=-0.0003,0.0008 hit=0.18000000000000002
rho=0.25|k=3     loss=0.0008 CI=0.0002,0.0014 hit=0.22000000000000003
rho=0.25|k=4     loss=0.0007 CI=-0.0000,0.0015 hit=0.22999999999999998
rho=0.5|k=1      loss=0.0013 CI=0.0003,0.0022 hit=0.41000000000000003
rho=0.5|k=2      loss=0.0013 CI=0.0002,0.0024 hit=0.32499999999999996
rho=0.5|k=3      loss=0.0013 CI=0.0002,0.0024 hit=0.36
rho=0.5|k=4      loss=0.0016 CI=0.0005,0.0026 hit=0.36
rho=1.0|k=1      loss=0.0012 CI=0.0004,0.0021 hit=0.4600000000000001
rho=1.0|k=2      loss=0.0011 CI=0.0003,0.0020 hit=0.51
rho=1.0|k=3      loss=0.0012 CI=0.0003,0.0022 hit=0.465
rho=1.0|k=4      loss=0.0012 CI=0.0003,0.0021 hit=0.475
rho=None|k=1     loss=0.0016 CI=0.0005,0.0026 hit=0.685
rho=None|k=2     loss=0.0016 CI=0.0005,0.0026 hit=0.685
rho=None|k=3     loss=0.0016 CI=0.0005,0.0026 hit=0.685
rho=None|k=4     loss=0.0016 CI=0.0005,0.0026 hit=0.685
tau=0.10 contig_early   loss=0.0002 CI=-0.0002,0.0006
tau=0.10 contig_late    loss=0.0000 CI=-0.0002,0.0003
tau=0.10 contig_middle  loss=0.0003 CI=0.0000,0.0006
tau=0.10 intermittent   loss=0.0000 CI=-0.0006,0.0007
tau=0.10 random         loss=0.0001 CI=-0.0005,0.0007
tau=0.25 contig_early   loss=0.0000 CI=-0.0005,0.0006
tau=0.25 contig_late    loss=-0.0000 CI=-0.0005,0.0005
tau=0.25 contig_middle  loss=0.0005 CI=-0.0001,0.0011
tau=0.25 intermittent   loss=0.0004 CI=-0.0002,0.0011
tau=0.25 random         loss=0.0007 CI=0.0002,0.0012
tau=0.50 contig_early   loss=0.0011 CI=0.0005,0.0017
tau=0.50 contig_late    loss=0.0008 CI=0.0000,0.0016
tau=0.50 contig_middle  loss=0.0009 CI=0.0006,0.0013
tau=0.50 intermittent   loss=0.0007 CI=-0.0000,0.0014
tau=0.50 random         loss=0.0006 CI=0.0000,0.0012
tau=0.75 contig_early   loss=0.0018 CI=0.0008,0.0027
tau=0.75 contig_late    loss=0.0017 CI=0.0009,0.0026
tau=0.75 contig_middle  loss=0.0012 CI=-0.0000,0.0025
tau=0.75 intermittent   loss=0.0018 CI=0.0010,0.0026
tau=0.75 random         loss=0.0017 CI=0.0008,0.0026
tau=1.00 contig_early   loss=0.0025 CI=0.0015,0.0036
tau=1.00 contig_late    loss=0.0025 CI=0.0015,0.0036
tau=1.00 contig_middle  loss=0.0025 CI=0.0015,0.0036
tau=1.00 intermittent   loss=0.0025 CI=0.0015,0.0036
tau=1.00 random         loss=0.0025 CI=0.0015,0.0036
saved
