count|1 {'clean': 0.9098365309217723, 'attacked': 0.9010572419058624, 'loss': 0.008779289015909676, 'ci': [0.007290162726016266, 0.010268415305803084]}
count|2 {'clean': 0.9098365309217723, 'attacked': 0.9010572419058624, 'loss': 0.008779289015909676, 'ci': [0.007290162726016266, 0.010268415305803084]}
count|3 {'clean': 0.9098365309217723, 'attacked': 0.9010572419058624, 'loss': 0.008779289015909676, 'ci': [0.007290162726016266, 0.010268415305803084]}
radius|adult|0 {'clean': 0.9098365309217723, 'attacked': 0.9072952154825529, 'loss': 0.0025413154392191716, 'ci': [0.0014896991577240165, 0.0035929317207143265]}
radius|adult|1 {'clean': 0.9098365309217723, 'attacked': 0.9010572419058624, 'loss': 0.008779289015909676, 'ci': [0.007290162726016266, 0.010268415305803084]}
radius|adult|2 {'clean': 0.9098365309217723, 'attacked': 0.8874470514950167, 'loss': 0.022389479426755544, 'ci': [0.01985477747618885, 0.02492418137732224]}
radius|adult|3 {'clean': 0.9098365309217723, 'attacked': 0.5542131043519533, 'loss': 0.35562342656981905, 'ci': [0.3320918137847586, 0.3791550393548795]}
radius|adult|4 {'clean': 0.9098365309217723, 'attacked': 0.5, 'loss': 0.4098365309217721, 'ci': [0.40704774978668756, 0.4126253120568566]}
radius|credit_default|0 {'clean': 0.7771966487724458, 'attacked': 0.777325183020804, 'loss': -0.00012853424835810313, 'ci': [-0.001967470031221215, 0.001710401534505009]}
radius|credit_default|1 {'clean': 0.7771966487724458, 'attacked': 0.7756889334116639, 'loss': 0.001507715360782036, 'ci': [-0.0002785342948908819, 0.003293965016454954]}
radius|credit_default|2 {'clean': 0.7771966487724458, 'attacked': 0.770107034736419, 'loss': 0.00708961403602697, 'ci': [0.004984885672290066, 0.009194342399763872]}
radius|credit_default|3 {'clean': 0.7771966487724458, 'attacked': 0.531663619074834, 'loss': 0.24553302969761193, 'ci': [0.23834472091559997, 0.2527213384796239]}
radius|credit_default|4 {'clean': 0.7771966487724458, 'attacked': 0.5, 'loss': 0.2771966487724459, 'ci': [0.2713937838151761, 0.28299951372971566]}
federation|5 {'clean': 0.9098365309217723, 'attacked': 0.9010572419058624, 'loss': 0.008779289015909676, 'ci': [0.007290162726016266, 0.010268415305803084]}
federation|10 {'clean': 0.9098694955737605, 'attacked': 0.9010572419058624, 'loss': 0.008812253667897863, 'ci': [0.007312033932537155, 0.010312473403258571]}
federation|20 {'clean': 0.9098365309217723, 'attacked': 0.9010572419058624, 'loss': 0.008779289015909676, 'ci': [0.007290162726016266, 0.010268415305803084]}
federation|40 {'clean': 0.9098365309217723, 'attacked': 0.9010572419058624, 'loss': 0.008779289015909676, 'ci': [0.007290162726016266, 0.010268415305803084]}
transient|first {'clean': 0.9098365309217723, 'attacked': 0.9100004642908731, 'loss': -0.00016393336910088818, 'ci': [-0.0006110918018972133, 0.00028322506369543685]}
transient|last {'clean': 0.9098365309217723, 'attacked': 0.9099471353253131, 'loss': -0.00011060440354102586, 'ci': [-0.00036977787841550435, 0.00014856907133345266]}
transient|all {'clean': 0.9098365309217723, 'attacked': 0.9010572419058624, 'loss': 0.008779289015909676, 'ci': [0.007290162726016266, 0.010268415305803084]}
saved
