[1/85] ('scale', 1.0, 0)
[2/85] ('scale', 1.0, 1)
[3/85] ('scale', 1.0, 2)
[4/85] ('scale', 1.0, 3)
[5/85] ('scale', 1.0, 4)
[6/85] ('scale', 2.0, 0)
[7/85] ('scale', 2.0, 1)
[8/85] ('scale', 2.0, 2)
[9/85] ('scale', 2.0, 3)
[10/85] ('scale', 2.0, 4)
[11/85] ('scale', 5.0, 0)
[12/85] ('scale', 5.0, 1)
[13/85] ('scale', 5.0, 3)
[14/85] ('scale', 5.0, 2)
[15/85] ('scale', 5.0, 4)
[16/85] ('scale', 10.0, 0)
[17/85] ('scale', 10.0, 1)
[18/85] ('scale', 10.0, 2)
[19/85] ('scale', 10.0, 3)
[20/85] ('scale', 10.0, 4)
[21/85] ('scale', 50.0, 0)
[22/85] ('scale', 50.0, 2)
[23/85] ('scale', 50.0, 1)
[24/85] ('scale', 50.0, 3)
[25/85] ('scale', 50.0, 4)
[26/85] ('scale', 200.0, 0)
[27/85] ('scale', 200.0, 1)
[28/85] ('scale', 200.0, 2)
[29/85] ('scale', 200.0, 3)
[30/85] ('scale', 200.0, 4)
[31/85] ('bd', 1, 0)
[32/85] ('bd', 1, 1)
[33/85] ('bd', 1, 2)
[34/85] ('bd', 1, 4)
[35/85] ('bd', 1, 3)
[36/85] ('bd', 3, 0)
[37/85] ('bd', 3, 1)
[38/85] ('bd', 3, 2)
[39/85] ('bd', 3, 3)
[40/85] ('bd', 3, 4)
[41/85] ('bd', 5, 0)
[42/85] ('bd', 5, 1)
[43/85] ('bd', 5, 2)
[44/85] ('bd', 5, 3)
[45/85] ('bd', 5, 4)
[46/85] ('bd', 8, 0)
[47/85] ('bd', 8, 1)
[48/85] ('bd', 8, 2)
[49/85] ('bd', 8, 3)
[50/85] ('bd', 8, 4)
[51/85] ('bd', 13, 0)
[52/85] ('bd', 13, 1)
[53/85] ('bd', 13, 2)
[54/85] ('bd', 13, 3)
[55/85] ('bd', 13, 4)
[56/85] ('tgt', 'adult', 'fixed', 0)
[57/85] ('tgt', 'adult', 'fixed', 1)
[58/85] ('tgt', 'adult', 'fixed', 2)
[59/85] ('tgt', 'adult', 'fixed', 3)
[60/85] ('tgt', 'adult', 'fixed', 4)
[61/85] ('tgt', 'adult', 'variance', 1)
[62/85] ('tgt', 'adult', 'variance', 0)
[63/85] ('tgt', 'adult', 'variance', 3)
[64/85] ('tgt', 'adult', 'variance', 2)
[65/85] ('tgt', 'adult', 'variance', 4)
[66/85] ('tgt', 'heart_disease', 'fixed', 1)
[67/85] ('tgt', 'heart_disease', 'fixed', 2)
[68/85] ('tgt', 'heart_disease', 'fixed', 3)
[69/85] ('tgt', 'heart_disease', 'fixed', 4)
[70/85] ('tgt', 'heart_disease', 'variance', 0)
[71/85] ('tgt', 'heart_disease', 'variance', 1)
[72/85] ('tgt', 'heart_disease', 'variance', 3)
[73/85] ('tgt', 'heart_disease', 'variance', 2)
[74/85] ('tgt', 'credit_default', 'fixed', 0)
[75/85] ('tgt', 'heart_disease', 'variance', 4)
[76/85] ('tgt', 'credit_default', 'fixed', 1)
[77/85] ('tgt', 'credit_default', 'fixed', 2)
[78/85] ('tgt', 'credit_default', 'fixed', 3)
[79/85] ('tgt', 'credit_default', 'fixed', 4)
[80/85] ('tgt', 'credit_default', 'variance', 0)
[81/85] ('tgt', 'credit_default', 'variance', 1)
[82/85] ('tgt', 'credit_default', 'variance', 2)
[83/85] ('tgt', 'credit_default', 'variance', 4)
[84/85] ('tgt', 'credit_default', 'variance', 3)
concurrent.futures.process._RemoteTraceback: 
"""
Traceback (most recent call last):
  File "<user>\AppData\Local\Programs\Python\Python311\Lib\concurrent\futures\process.py", line 261, in _process_worker
    r = call_item.fn(*call_item.args, **call_item.kwargs)
        ^^^^^^^^^^^^^^^^^^^^^^^^^^^^^^^^^^^^^^^^^^^^^^^^^
  File "<repo>\revision\experiments\exp_vfl_converged.py", line 119, in run_task
    return spec, json.loads(key.read_text())
                 ^^^^^^^^^^^^^^^^^^^^^^^^^^^
  File "<user>\AppData\Local\Programs\Python\Python311\Lib\json\__init__.py", line 346, in loads
    return _default_decoder.decode(s)
           ^^^^^^^^^^^^^^^^^^^^^^^^^^
  File "<user>\AppData\Local\Programs\Python\Python311\Lib\json\decoder.py", line 337, in decode
    obj, end = self.raw_decode(s, idx=_w(s, 0).end())
               ^^^^^^^^^^^^^^^^^^^^^^^^^^^^^^^^^^^^^^
  File "<user>\AppData\Local\Programs\Python\Python311\Lib\json\decoder.py", line 355, in raw_decode
    raise JSONDecodeError("Expecting value", s, err.value) from None
json.decoder.JSONDecodeError: Expecting value: line 1 column 1 (char 0)
"""

The above exception was the direct cause of the following exception:

Traceback (most recent call last):
  File "<repo>\revision\experiments\exp_vfl_converged.py", line 137, in <module>
    spec, _ = f.result()
              ^^^^^^^^^^
  File "<user>\AppData\Local\Programs\Python\Python311\Lib\concurrent\futures\_base.py", line 449, in result
    return self.__get_result()
           ^^^^^^^^^^^^^^^^^^^
  File "<user>\AppData\Local\Programs\Python\Python311\Lib\concurrent\futures\_base.py", line 401, in __get_result
    raise self._exception
json.decoder.JSONDecodeError: Expecting value: line 1 column 1 (char 0)
