[1/85] ('scale', 1.0, 0)
[2/85] ('scale', 1.0, 1)
[3/85] ('scale', 1.0, 2)
[4/85] ('scale', 1.0, 3)
[5/85] ('scale', 1.0, 4)
[6/85] ('scale', 2.0, 0)
[7/85] ('scale', 2.0, 1)
[8/85] ('scale', 2.0, 2)
[9/85] ('scale', 2.0, 3)
[10/85] ('scale', 2.0, 4)
[11/85] ('scale', 5.0, 0)
[12/85] ('scale', 5.0, 3)
[13/85] ('scale', 5.0, 1)
[14/85] ('scale', 5.0, 2)
[15/85] ('scale', 10.0, 0)
[16/85] ('scale', 5.0, 4)
[17/85] ('scale', 10.0, 1)
[18/85] ('scale', 10.0, 2)
[19/85] ('scale', 10.0, 3)
[20/85] ('scale', 50.0, 2)
[21/85] ('scale', 10.0, 4)
[22/85] ('scale', 50.0, 4)
[23/85] ('scale', 200.0, 0)
[24/85] ('scale', 50.0, 0)
[25/85] ('scale', 200.0, 2)
[26/85] ('scale', 50.0, 3)
[27/85] ('scale', 200.0, 3)
[28/85] ('scale', 200.0, 4)
[29/85] ('bd', 1, 0)
[30/85] ('bd', 1, 1)
[31/85] ('bd', 1, 2)
[32/85] ('bd', 1, 3)
[33/85] ('bd', 1, 4)
[34/85] ('bd', 3, 0)
[35/85] ('bd', 3, 2)
[36/85] ('bd', 3, 1)
[37/85] ('bd', 3, 3)
[38/85] ('bd', 3, 4)
[39/85] ('bd', 5, 1)
[40/85] ('bd', 5, 2)
[41/85] ('bd', 5, 4)
[42/85] ('bd', 8, 1)
[43/85] ('bd', 8, 2)
[44/85] ('bd', 8, 3)
[45/85] ('bd', 13, 0)
[46/85] ('bd', 13, 1)
[47/85] ('bd', 13, 3)
[48/85] ('scale', 50.0, 1)
[49/85] ('scale', 200.0, 1)
[50/85] ('bd', 5, 0)
[51/85] ('bd', 13, 2)
[52/85] ('tgt', 'adult', 'fixed', 0)
[53/85] ('bd', 8, 0)
[54/85] ('bd', 8, 4)
[55/85] ('bd', 13, 4)
[56/85] ('bd', 5, 3)
concurrent.futures.process._RemoteTraceback: 
"""
Traceback (most recent call last):
  File "<user>\AppData\Local\Programs\Python\Python311\Lib\concurrent\futures\process.py", line 261, in _process_worker
    r = call_item.fn(*call_item.args, **call_item.kwargs)
        ^^^^^^^^^^^^^^^^^^^^^^^^^^^^^^^^^^^^^^^^^^^^^^^^^
  File "<repo>\revision\experiments\exp_vfl_converged.py", line 120, in run_task
    res = dict(scale=task_scale, bd=task_backdoor, tgt=task_target)[kind](*args)
          ^^^^^^^^^^^^^^^^^^^^^^^^^^^^^^^^^^^^^^^^^^^^^^^^^^^^^^^^^^^^^^^^^^^^^^
  File "<repo>\revision\experiments\exp_vfl_converged.py", line 110, in task_target
    m.fit(Xa_tr, y_tr, {"party1": Xp_tr}, passive_party_factories=fac)
  File "<repo>\src\harness\vfl_secureboost.py", line 254, in fit
    tree = server.build_tree()
           ^^^^^^^^^^^^^^^^^^^
  File "<repo>\src\harness\vfl_secureboost.py", line 201, in build_tree
    return self._build_node(root_idx, depth=0, enc_grad=enc_grad, enc_hess=enc_hess)
           ^^^^^^^^^^^^^^^^^^^^^^^^^^^^^^^^^^^^^^^^^^^^^^^^^^^^^^^^^^^^^^^^^^^^^^^^^
  File "<repo>\src\harness\vfl_secureboost.py", line 169, in _build_node
    candidates = self._candidate_splits(sample_idx, enc_grad, enc_hess)
                 ^^^^^^^^^^^^^^^^^^^^^^^^^^^^^^^^^^^^^^^^^^^^^^^^^^^^^^
  File "<repo>\src\harness\vfl_secureboost.py", line 135, in _candidate_splits
    g_hist, h_hist = self.active.decrypt_histogram(eg, eh, self.n_bins)
                     ^^^^^^^^^^^^^^^^^^^^^^^^^^^^^^^^^^^^^^^^^^^^^^^^^^
  File "<repo>\src\harness\vfl_secureboost.py", line 106, in decrypt_histogram
    hess_hist[f][b] = self.priv.decrypt(enc_hess_hist[f][b])
                      ^^^^^^^^^^^^^^^^^^^^^^^^^^^^^^^^^^^^^^
  File "<user>\AppData\Local\Programs\Python\Python311\Lib\site-packages\phe\paillier.py", line 291, in decrypt
    return encoded.decode()
           ^^^^^^^^^^^^^^^^
  File "<user>\AppData\Local\Programs\Python\Python311\Lib\site-packages\phe\encoding.py", line 221, in decode
    raise OverflowError('Overflow detected in decrypted number')
OverflowError: Overflow detected in decrypted number
"""

The above exception was the direct cause of the following exception:

Traceback (most recent call last):
  File "<repo>\revision\experiments\exp_vfl_converged.py", line 134, in <module>
    spec, _ = f.result()
              ^^^^^^^^^^
  File "<user>\AppData\Local\Programs\Python\Python311\Lib\concurrent\futures\_base.py", line 449, in result
    return self.__get_result()
           ^^^^^^^^^^^^^^^^^^^
  File "<user>\AppData\Local\Programs\Python\Python311\Lib\concurrent\futures\_base.py", line 401, in __get_result
    raise self._exception
OverflowError: Overflow detected in decrypted number
