he_scale=1.0  misroute=0.00  AUC=0.8695+/-0.0247  (5 seeds)  raw=[0.8836, 0.8503, 0.9003, 0.8393, 0.8742]
he_scale=1.0  misroute=0.15  AUC=0.8643+/-0.0270  (5 seeds)  raw=[0.8743, 0.8483, 0.9027, 0.8312, 0.8648]
he_scale=1.0  misroute=0.30  AUC=0.8523+/-0.0282  (5 seeds)  raw=[0.8686, 0.8491, 0.8905, 0.8184, 0.835]
he_scale=1.5  misroute=0.00  AUC=0.8427+/-0.0375  (5 seeds)  raw=[0.8659, 0.8309, 0.8886, 0.7895, 0.8387]
he_scale=1.5  misroute=0.15  AUC=0.8344+/-0.0352  (5 seeds)  raw=[0.8535, 0.8122, 0.8753, 0.7862, 0.8446]
he_scale=1.5  misroute=0.30  AUC=0.8367+/-0.0355  (5 seeds)  raw=[0.8503, 0.8117, 0.8749, 0.7886, 0.8582]
he_scale=3.0  misroute=0.00  AUC=0.7611+/-0.0283  (5 seeds)  raw=[0.7844, 0.7501, 0.7798, 0.775, 0.7164]
he_scale=3.0  misroute=0.15  AUC=0.7599+/-0.0435  (5 seeds)  raw=[0.7781, 0.8106, 0.7622, 0.6917, 0.7569]
he_scale=3.0  misroute=0.30  AUC=0.7173+/-0.0407  (5 seeds)  raw=[0.7613, 0.7515, 0.6917, 0.6638, 0.718]

=== Synergy check, unpaired (means across 5 seeds, original method) ===
he=1.5, misroute=0.15: combined cost=0.0352, additive prediction=0.0320, synergy=+0.0031 (SUPER-additive)
he=1.5, misroute=0.30: combined cost=0.0328, additive prediction=0.0440, synergy=-0.0112 (SUB-additive)
he=3.0, misroute=0.15: combined cost=0.1096, additive prediction=0.1136, synergy=-0.0040 (SUB-additive)
he=3.0, misroute=0.30: combined cost=0.1522, additive prediction=0.1256, synergy=+0.0267 (SUPER-additive)

=== Synergy check, PAIRED per seed (same train/test split shared across cells) ===
he=1.5, misroute=0.15: per-seed synergy=[0.0031, 0.0168, 0.0158, -0.0048, -0.0152], mean=+0.0031, SEM=0.0061, 95% CI=[-0.0138, +0.0201]  (not significant, CI contains zero)
he=1.5, misroute=0.30: per-seed synergy=[0.0006, 0.018, 0.004, -0.0199, -0.0586], mean=-0.0112, SEM=0.0133, 95% CI=[-0.0482, +0.0258]  (not significant, CI contains zero)
he=3.0, misroute=0.15: per-seed synergy=[-0.003, -0.0625, 0.02, 0.0752, -0.0498], mean=-0.0040, SEM=0.0249, 95% CI=[-0.0730, +0.0651]  (not significant, CI contains zero)
he=3.0, misroute=0.30: per-seed synergy=[0.0081, -0.0026, 0.0783, 0.0904, -0.0408], mean=+0.0267, SEM=0.0250, 95% CI=[-0.0427, +0.0960]  (not significant, CI contains zero)

Saved figure to C:\python exp\Fed Tree - Attacks\results\figures\category6_multivector_grid.png
