[1/255] ('scale', 'heart', 1.0, 0, 20)
[2/255] ('scale', 'heart', 1.0, 1, 20)
[3/255] ('scale', 'heart', 1.0, 2, 20)
[4/255] ('scale', 'heart', 1.0, 3, 20)
[5/255] ('scale', 'heart', 1.0, 4, 20)
[6/255] ('scale', 'heart', 2.0, 0, 20)
[7/255] ('scale', 'heart', 2.0, 1, 20)
[8/255] ('scale', 'heart', 2.0, 2, 20)
[9/255] ('scale', 'heart', 2.0, 3, 20)
[10/255] ('scale', 'heart', 2.0, 4, 20)
[11/255] ('scale', 'heart', 5.0, 0, 20)
[12/255] ('scale', 'heart', 5.0, 1, 20)
[13/255] ('scale', 'heart', 5.0, 2, 20)
[14/255] ('scale', 'heart', 5.0, 3, 20)
[15/255] ('scale', 'heart', 5.0, 4, 20)
[16/255] ('scale', 'heart', 10.0, 0, 20)
[17/255] ('scale', 'heart', 10.0, 1, 20)
[18/255] ('scale', 'heart', 10.0, 2, 20)
[19/255] ('scale', 'heart', 10.0, 3, 20)
[20/255] ('scale', 'heart', 10.0, 4, 20)
[21/255] ('scale', 'heart', 50.0, 0, 20)
[22/255] ('scale', 'heart', 50.0, 1, 20)
[23/255] ('scale', 'heart', 50.0, 2, 20)
[24/255] ('scale', 'heart', 50.0, 3, 20)
[25/255] ('scale', 'heart', 50.0, 4, 20)
[26/255] ('scale', 'heart', 200.0, 0, 20)
[27/255] ('scale', 'heart', 200.0, 1, 20)
[28/255] ('scale', 'heart', 200.0, 2, 20)
[29/255] ('scale', 'heart', 200.0, 3, 20)
[30/255] ('scale', 'heart', 200.0, 4, 20)
[31/255] ('scale', 'credit', 1.0, 0, 20)
[32/255] ('scale', 'credit', 1.0, 1, 20)
[33/255] ('scale', 'credit', 1.0, 2, 20)
[34/255] ('scale', 'credit', 1.0, 3, 20)
[35/255] ('scale', 'credit', 1.0, 4, 20)
[36/255] ('scale', 'credit', 2.0, 0, 20)
[37/255] ('scale', 'credit', 2.0, 1, 20)
[38/255] ('scale', 'credit', 2.0, 2, 20)
[39/255] ('scale', 'credit', 2.0, 3, 20)
[40/255] ('scale', 'credit', 2.0, 4, 20)
[41/255] ('scale', 'credit', 5.0, 0, 20)
[42/255] ('scale', 'credit', 5.0, 1, 20)
[43/255] ('scale', 'credit', 5.0, 2, 20)
[44/255] ('scale', 'credit', 5.0, 3, 20)
[45/255] ('scale', 'credit', 5.0, 4, 20)
[46/255] ('scale', 'credit', 10.0, 0, 20)
[47/255] ('scale', 'credit', 10.0, 1, 20)
[48/255] ('scale', 'credit', 10.0, 2, 20)
[49/255] ('scale', 'credit', 10.0, 3, 20)
[50/255] ('scale', 'credit', 10.0, 4, 20)
[51/255] ('scale', 'credit', 50.0, 0, 20)
[52/255] ('scale', 'credit', 50.0, 1, 20)
[53/255] ('scale', 'credit', 50.0, 2, 20)
[54/255] ('scale', 'credit', 50.0, 3, 20)
[55/255] ('scale', 'credit', 50.0, 4, 20)
[56/255] ('scale', 'credit', 200.0, 0, 20)
[57/255] ('scale', 'credit', 200.0, 2, 20)
[58/255] ('scale', 'credit', 200.0, 3, 20)
[59/255] ('scale', 'credit', 200.0, 4, 20)
[60/255] ('scale', 'adult', 1.0, 0, 3)
[61/255] ('scale', 'adult', 1.0, 1, 3)
[62/255] ('scale', 'adult', 1.0, 2, 3)
[63/255] ('scale', 'adult', 1.0, 3, 3)
[64/255] ('scale', 'adult', 1.0, 4, 3)
[65/255] ('scale', 'adult', 2.0, 0, 3)
[66/255] ('scale', 'adult', 2.0, 1, 3)
[67/255] ('scale', 'adult', 2.0, 2, 3)
[68/255] ('scale', 'adult', 2.0, 3, 3)
[69/255] ('scale', 'adult', 2.0, 4, 3)
[70/255] ('scale', 'adult', 5.0, 0, 3)
[71/255] ('scale', 'adult', 5.0, 1, 3)
[72/255] ('scale', 'adult', 5.0, 2, 3)
[73/255] ('scale', 'adult', 5.0, 3, 3)
[74/255] ('scale', 'adult', 5.0, 4, 3)
[75/255] ('scale', 'adult', 10.0, 0, 3)
[76/255] ('scale', 'adult', 10.0, 1, 3)
[77/255] ('scale', 'adult', 10.0, 2, 3)
[78/255] ('scale', 'adult', 10.0, 3, 3)
[79/255] ('scale', 'credit', 200.0, 1, 20)
[80/255] ('scale', 'adult', 10.0, 4, 3)
[81/255] ('scale', 'adult', 50.0, 1, 3)
[82/255] ('scale', 'adult', 50.0, 2, 3)
[83/255] ('scale', 'adult', 50.0, 3, 3)
[84/255] ('scale', 'adult', 50.0, 4, 3)
[85/255] ('scale', 'adult', 50.0, 0, 3)
[86/255] ('scale', 'adult', 200.0, 0, 3)
[87/255] ('scale', 'adult', 200.0, 2, 3)
[88/255] ('scale', 'adult', 200.0, 1, 3)
[89/255] ('scale', 'adult', 200.0, 3, 3)
[90/255] ('scale', 'adult', 200.0, 4, 3)
[91/255] ('leaf', 'adult', 0.1, 0)
[92/255] ('leaf', 'adult', 0.1, 1)
[93/255] ('leaf', 'adult', 0.1, 2)
[94/255] ('leaf', 'adult', 0.1, 3)
[95/255] ('leaf', 'adult', 0.1, 4)
[96/255] ('leaf', 'adult', 0.25, 0)
[97/255] ('leaf', 'adult', 0.25, 1)
[98/255] ('leaf', 'adult', 0.25, 2)
[99/255] ('leaf', 'adult', 0.25, 3)
[100/255] ('leaf', 'adult', 0.25, 4)
[101/255] ('leaf', 'adult', 0.5, 0)
[102/255] ('leaf', 'adult', 0.5, 1)
[103/255] ('leaf', 'adult', 0.5, 2)
[104/255] ('leaf', 'adult', 0.5, 3)
[105/255] ('leaf', 'adult', 0.5, 4)
[106/255] ('leaf', 'adult', 0.75, 1)
[107/255] ('leaf', 'adult', 0.75, 2)
[108/255] ('leaf', 'adult', 0.75, 3)
[109/255] ('leaf', 'adult', 0.75, 4)
[110/255] ('leaf', 'adult', 1.0, 0)
[111/255] ('leaf', 'adult', 1.0, 1)
[112/255] ('leaf', 'adult', 1.0, 2)
[113/255] ('leaf', 'adult', 1.0, 3)
[114/255] ('leaf', 'adult', 1.0, 4)
[115/255] ('leaf', 'heart', 0.1, 0)
[116/255] ('leaf', 'heart', 0.1, 1)
[117/255] ('leaf', 'heart', 0.1, 2)
[118/255] ('leaf', 'heart', 0.1, 3)
[119/255] ('leaf', 'heart', 0.1, 4)
[120/255] ('leaf', 'adult', 0.75, 0)
[121/255] ('leaf', 'heart', 0.25, 0)
[122/255] ('leaf', 'heart', 0.25, 2)
[123/255] ('leaf', 'heart', 0.25, 3)
[124/255] ('leaf', 'heart', 0.25, 4)
[125/255] ('leaf', 'heart', 0.25, 1)
[126/255] ('leaf', 'heart', 0.5, 0)
[127/255] ('leaf', 'heart', 0.5, 2)
[128/255] ('leaf', 'heart', 0.5, 1)
[129/255] ('leaf', 'heart', 0.5, 3)
[130/255] ('leaf', 'heart', 0.75, 0)
[131/255] ('leaf', 'heart', 0.5, 4)
[132/255] ('leaf', 'heart', 0.75, 1)
[133/255] ('leaf', 'heart', 0.75, 2)
[134/255] ('leaf', 'heart', 0.75, 3)
[135/255] ('leaf', 'heart', 0.75, 4)
[136/255] ('leaf', 'heart', 1.0, 1)
[137/255] ('leaf', 'heart', 1.0, 0)
[138/255] ('leaf', 'heart', 1.0, 2)
[139/255] ('leaf', 'heart', 1.0, 3)
[140/255] ('leaf', 'heart', 1.0, 4)
[141/255] ('leaf', 'credit', 0.1, 0)
[142/255] ('leaf', 'credit', 0.1, 1)
[143/255] ('leaf', 'credit', 0.1, 2)
[144/255] ('leaf', 'credit', 0.1, 3)
[145/255] ('leaf', 'credit', 0.1, 4)
[146/255] ('leaf', 'credit', 0.25, 0)
[147/255] ('leaf', 'credit', 0.25, 1)
[148/255] ('leaf', 'credit', 0.25, 2)
[149/255] ('leaf', 'credit', 0.25, 3)
[150/255] ('leaf', 'credit', 0.25, 4)
[151/255] ('leaf', 'credit', 0.5, 0)
[152/255] ('leaf', 'credit', 0.5, 1)
[153/255] ('leaf', 'credit', 0.5, 2)
[154/255] ('leaf', 'credit', 0.5, 3)
[155/255] ('leaf', 'credit', 0.5, 4)
[156/255] ('leaf', 'credit', 0.75, 0)
[157/255] ('leaf', 'credit', 0.75, 1)
[158/255] ('leaf', 'credit', 0.75, 2)
[159/255] ('leaf', 'credit', 0.75, 4)
[160/255] ('leaf', 'credit', 0.75, 3)
[161/255] ('leaf', 'credit', 1.0, 0)
[162/255] ('leaf', 'credit', 1.0, 1)
[163/255] ('leaf', 'credit', 1.0, 2)
[164/255] ('leaf', 'credit', 1.0, 3)
[165/255] ('leaf', 'credit', 1.0, 4)
[166/255] ('comb', 1.0, 0.15, 0)
[167/255] ('comb', 1.0, 0.15, 1)
[168/255] ('comb', 1.0, 0.15, 2)
[169/255] ('comb', 1.0, 0.15, 3)
[170/255] ('comb', 1.0, 0.15, 4)
[171/255] ('comb', 1.0, 0.3, 0)
[172/255] ('comb', 1.0, 0.3, 1)
[173/255] ('comb', 1.0, 0.3, 2)
[174/255] ('comb', 1.0, 0.3, 3)
[175/255] ('comb', 1.0, 0.3, 4)
[176/255] ('comb', 1.5, 0.0, 0)
[177/255] ('comb', 1.5, 0.0, 1)
[178/255] ('comb', 1.5, 0.0, 2)
[179/255] ('comb', 1.5, 0.0, 3)
[180/255] ('comb', 1.5, 0.0, 4)
[181/255] ('comb', 1.5, 0.15, 0)
[182/255] ('comb', 1.5, 0.15, 1)
[183/255] ('comb', 1.5, 0.15, 2)
[184/255] ('comb', 1.5, 0.15, 3)
[185/255] ('comb', 1.5, 0.15, 4)
[186/255] ('comb', 1.5, 0.3, 0)
[187/255] ('comb', 1.5, 0.3, 1)
[188/255] ('comb', 1.5, 0.3, 2)
[189/255] ('comb', 1.5, 0.3, 3)
[190/255] ('comb', 1.5, 0.3, 4)
[191/255] ('comb', 3.0, 0.0, 0)
[192/255] ('comb', 3.0, 0.0, 1)
[193/255] ('comb', 3.0, 0.0, 2)
[194/255] ('comb', 3.0, 0.0, 3)
[195/255] ('comb', 3.0, 0.0, 4)
[196/255] ('comb', 3.0, 0.15, 1)
[197/255] ('comb', 3.0, 0.15, 0)
[198/255] ('comb', 3.0, 0.15, 2)
[199/255] ('comb', 3.0, 0.15, 3)
[200/255] ('comb', 3.0, 0.15, 4)
[201/255] ('comb', 3.0, 0.3, 0)
[202/255] ('comb', 3.0, 0.3, 1)
[203/255] ('comb', 3.0, 0.3, 2)
[204/255] ('comb', 3.0, 0.3, 3)
[205/255] ('comb', 3.0, 0.3, 4)
[206/255] ('bd', 'heart', 1, 0)
[207/255] ('bd', 'heart', 1, 1)
[208/255] ('bd', 'heart', 1, 2)
[209/255] ('bd', 'heart', 1, 3)
[210/255] ('bd', 'heart', 1, 4)
[211/255] ('bd', 'heart', 5, 0)
[212/255] ('bd', 'heart', 5, 1)
[213/255] ('bd', 'heart', 5, 2)
[214/255] ('bd', 'heart', 5, 3)
[215/255] ('bd', 'heart', 5, 4)
[216/255] ('bd', 'heart', 8, 0)
[217/255] ('bd', 'heart', 8, 1)
[218/255] ('bd', 'heart', 8, 2)
[219/255] ('bd', 'heart', 8, 3)
[220/255] ('bd', 'heart', 8, 4)
[221/255] ('bd', 'credit', 1, 0)
[222/255] ('bd', 'credit', 1, 1)
[223/255] ('bd', 'credit', 1, 2)
[224/255] ('bd', 'credit', 1, 3)
[225/255] ('bd', 'credit', 1, 4)
[226/255] ('bd', 'credit', 5, 0)
[227/255] ('bd', 'credit', 5, 1)
[228/255] ('bd', 'credit', 5, 2)
[229/255] ('bd', 'credit', 5, 3)
[230/255] ('bd', 'credit', 5, 4)
[231/255] ('bd', 'credit', 8, 0)
[232/255] ('bd', 'credit', 8, 2)
[233/255] ('bd', 'credit', 8, 1)
[234/255] ('bd', 'credit', 8, 4)
[235/255] ('bd', 'credit', 8, 3)
[236/255] ('party', 1, 0)
[237/255] ('party', 1, 4)
[238/255] ('party', 1, 3)
[239/255] ('party', 2, 0)
[240/255] ('party', 1, 1)
[241/255] ('party', 2, 1)
[242/255] ('party', 3, 0)
[243/255] ('party', 1, 2)
