[1/90] ('scale', 'adult', 1.0, 5, 20)
[2/90] ('scale', 'adult', 1.0, 6, 20)
[3/90] ('scale', 'adult', 1.0, 7, 20)
[4/90] ('scale', 'adult', 1.0, 8, 20)
[5/90] ('scale', 'adult', 1.0, 9, 20)
[6/90] ('scale', 'adult', 2.0, 5, 20)
[7/90] ('scale', 'adult', 2.0, 6, 20)
[8/90] ('scale', 'adult', 2.0, 7, 20)
[9/90] ('scale', 'adult', 2.0, 8, 20)
[10/90] ('scale', 'adult', 2.0, 9, 20)
[11/90] ('scale', 'adult', 5.0, 5, 20)
[12/90] ('scale', 'adult', 5.0, 6, 20)
[13/90] ('scale', 'adult', 5.0, 7, 20)
[14/90] ('scale', 'adult', 5.0, 8, 20)
[15/90] ('scale', 'adult', 5.0, 9, 20)
[16/90] ('scale', 'adult', 10.0, 5, 20)
[17/90] ('scale', 'adult', 10.0, 6, 20)
[18/90] ('scale', 'adult', 10.0, 7, 20)
[19/90] ('scale', 'adult', 10.0, 8, 20)
[20/90] ('scale', 'adult', 10.0, 9, 20)
[21/90] ('scale', 'adult', 50.0, 5, 20)
[22/90] ('scale', 'adult', 50.0, 6, 20)
[23/90] ('scale', 'adult', 50.0, 7, 20)
[24/90] ('scale', 'adult', 50.0, 8, 20)
[25/90] ('scale', 'adult', 50.0, 9, 20)
[26/90] ('scale', 'adult', 200.0, 5, 20)
[27/90] ('scale', 'adult', 200.0, 6, 20)
[28/90] ('scale', 'adult', 200.0, 7, 20)
[29/90] ('scale', 'adult', 200.0, 8, 20)
[30/90] ('scale', 'adult', 200.0, 9, 20)
[31/90] ('leaf', 'adult', 0.1, 5)
[32/90] ('leaf', 'adult', 0.1, 6)
[33/90] ('leaf', 'adult', 0.1, 7)
[34/90] ('leaf', 'adult', 0.1, 8)
[35/90] ('leaf', 'adult', 0.1, 9)
[36/90] ('leaf', 'adult', 0.25, 5)
[37/90] ('leaf', 'adult', 0.25, 6)
[38/90] ('leaf', 'adult', 0.25, 7)
[39/90] ('leaf', 'adult', 0.25, 8)
[40/90] ('leaf', 'adult', 0.25, 9)
[41/90] ('leaf', 'adult', 0.5, 5)
[42/90] ('leaf', 'adult', 0.5, 6)
[43/90] ('leaf', 'adult', 0.5, 7)
[44/90] ('leaf', 'adult', 0.5, 8)
[45/90] ('leaf', 'adult', 0.5, 9)
[46/90] ('leaf', 'adult', 0.75, 5)
[47/90] ('leaf', 'adult', 0.75, 6)
[48/90] ('leaf', 'adult', 0.75, 7)
[49/90] ('leaf', 'adult', 0.75, 8)
[50/90] ('leaf', 'adult', 0.75, 9)
[51/90] ('leaf', 'adult', 1.0, 5)
[52/90] ('leaf', 'adult', 1.0, 6)
[53/90] ('leaf', 'adult', 1.0, 7)
[54/90] ('leaf', 'adult', 1.0, 8)
[55/90] ('leaf', 'adult', 1.0, 9)
[56/90] ('bd', 'adult', 1, 5)
[57/90] ('bd', 'adult', 1, 6)
[58/90] ('bd', 'adult', 1, 7)
[59/90] ('bd', 'adult', 1, 8)
[60/90] ('bd', 'adult', 1, 9)
[61/90] ('bd', 'adult', 3, 5)
[62/90] ('bd', 'adult', 3, 6)
[63/90] ('bd', 'adult', 3, 7)
[64/90] ('bd', 'adult', 3, 8)
[65/90] ('bd', 'adult', 3, 9)
[66/90] ('bd', 'adult', 5, 5)
[67/90] ('bd', 'adult', 5, 6)
[68/90] ('bd', 'adult', 5, 7)
[69/90] ('bd', 'adult', 5, 8)
[70/90] ('bd', 'adult', 5, 9)
[71/90] ('bd', 'adult', 8, 5)
[72/90] ('bd', 'adult', 8, 6)
[73/90] ('bd', 'adult', 8, 7)
[74/90] ('bd', 'adult', 8, 8)
[75/90] ('bd', 'adult', 8, 9)
[76/90] ('bd', 'adult', 13, 5)
[77/90] ('bd', 'adult', 13, 6)
[78/90] ('bd', 'adult', 13, 7)
[79/90] ('bd', 'adult', 13, 8)
[80/90] ('bd', 'adult', 13, 9)
concurrent.futures.process._RemoteTraceback: 
"""
Traceback (most recent call last):
  File "<user>\AppData\Local\Programs\Python\Python311\Lib\concurrent\futures\process.py", line 261, in _process_worker
    r = call_item.fn(*call_item.args, **call_item.kwargs)
        ^^^^^^^^^^^^^^^^^^^^^^^^^^^^^^^^^^^^^^^^^^^^^^^^^
  File "<repo>\revision\experiments\exp_u_vfl.py", line 146, in run
    elif kind == "tgt" and (OLD / f"tgt_{OLDN[a[0]]}_{a[1]}_{a[2]}.json").exists():
                                         ^^^^
NameError: name 'OLDN' is not defined
"""

The above exception was the direct cause of the following exception:

Traceback (most recent call last):
  File "<repo>\revision\experiments\exp_u_vfl.py", line 189, in <module>
    spec, _ = f.result()
              ^^^^^^^^^^
  File "<user>\AppData\Local\Programs\Python\Python311\Lib\concurrent\futures\_base.py", line 449, in result
    return self.__get_result()
           ^^^^^^^^^^^^^^^^^^^
  File "<user>\AppData\Local\Programs\Python\Python311\Lib\concurrent\futures\_base.py", line 401, in __get_result
    raise self._exception
NameError: name 'OLDN' is not defined
